// Jest Snapshot v1, https://goo.gl/fbAQLP

exports[`Collapsable container should match the established snapshot 1`] = `
<div
  className="container collapsable-container"
>
  <h3
    className="container-header"
    onClick={[Function]}
  >
    DEFAULT_TEST_TITLE
  </h3>
  <div
    className="container-body"
  >
    <div
      className="container-body-content"
    >
      <p>
        Paragraph 1
      </p>
      <p>
        Paragraph 2
      </p>
      <div>
        <p>
          Div Paragraph 1
        </p>
        <ul>
          <li>
            List Item 1
          </li>
          <li>
            List Item 2
          </li>
        </ul>
      </div>
      <p>
        Paragraph 3
      </p>
    </div>
  </div>
</div>
`;
