// Jest Snapshot v1, https://goo.gl/fbAQLP

exports[`Sidebar should match the snapshot 1`] = `
<div
  className="sidebar "
>
  <div
    className="hamburger-icon"
  >
    <a
      href="#"
      onClick={[Function]}
    >
      <i
        className="material-icons"
      >
        menu
      </i>
    </a>
  </div>
  <div
    className="backdrop"
    onClick={[Function]}
  />
  <aside
    className="sidebar-content"
  />
</div>
`;
